<?xml version="1.0" encoding="UTF-8"?>
<config xmlns="http://www.knime.org/2008/09/XMLConfig" xmlns:xsi="http://www.w3.org/2001/XMLSchema-instance" xsi:schemaLocation="http://www.knime.org/2008/09/XMLConfig http://www.knime.org/XMLConfig_2008_09.xsd" key="test">
    <entry key="inputColumn" type="xstring" value="XML"/>
    <entry key="newColumn" type="xstring" value="XML (#1)"/>
    <entry key="rootElement" type="xstring" value="table"/>
    <config key="attributes">
        <entry key="array-size" type="xint" value="0"/>
    </config>
    <config key="attributeValues">
        <entry key="array-size" type="xint" value="0"/>
    </config>
</config>
