<?xml version="1.0" encoding="UTF-8"?>
<config xmlns="http://www.knime.org/2008/09/XMLConfig" xmlns:xsi="http://www.w3.org/2001/XMLSchema-instance" xsi:schemaLocation="http://www.knime.org/2008/09/XMLConfig http://www.knime.org/XMLConfig_2008_09.xsd" key="test">
    <entry key="newColumn" type="xstring" value="XML"/>
    <entry key="elementContentColumn" type="xstring" isnull="true" value=""/>
    <entry key="removeSourceColumns" type="xboolean" value="false"/>
    <entry key="useDataBoundElementName" type="xboolean" value="false"/>
    <entry key="elementName" type="xstring" value="cell"/>
    <entry key="elementNameColumn" type="xstring" value="Cluster Membership"/>
    <config key="dataBoundAttributeNames">
        <entry key="array-size" type="xint" value="0"/>
    </config>
    <config key="dataBoundAttributeColumns">
        <entry key="array-size" type="xint" value="0"/>
    </config>
    <config key="attributeNames">
        <entry key="array-size" type="xint" value="0"/>
    </config>
    <config key="attributeValues">
        <entry key="array-size" type="xint" value="0"/>
    </config>
</config>
